Archive member included to satisfy reference by file (symbol)

c:/ac6/systemworkbench/plugins/fr.ac6.mcu.externaltools.arm-none.win32_1.17.0.201812190825/tools/compiler/bin/../lib/gcc/arm-none-eabi/7.3.1/thumb/v7e-m/fpv4-sp/hard\libgcc.a(_aeabi_uldivmod.o)
                              Drivers/STM32F4xx_HAL_Driver/Src/stm32f4xx_hal_rcc.o (__aeabi_uldivmod)
c:/ac6/systemworkbench/plugins/fr.ac6.mcu.externaltools.arm-none.win32_1.17.0.201812190825/tools/compiler/bin/../lib/gcc/arm-none-eabi/7.3.1/thumb/v7e-m/fpv4-sp/hard\libgcc.a(_udivmoddi4.o)
                              c:/ac6/systemworkbench/plugins/fr.ac6.mcu.externaltools.arm-none.win32_1.17.0.201812190825/tools/compiler/bin/../lib/gcc/arm-none-eabi/7.3.1/thumb/v7e-m/fpv4-sp/hard\libgcc.a(_aeabi_uldivmod.o) (__udivmoddi4)
c:/ac6/systemworkbench/plugins/fr.ac6.mcu.externaltools.arm-none.win32_1.17.0.201812190825/tools/compiler/bin/../lib/gcc/arm-none-eabi/7.3.1/thumb/v7e-m/fpv4-sp/hard\libgcc.a(_dvmd_tls.o)
                              c:/ac6/systemworkbench/plugins/fr.ac6.mcu.externaltools.arm-none.win32_1.17.0.201812190825/tools/compiler/bin/../lib/gcc/arm-none-eabi/7.3.1/thumb/v7e-m/fpv4-sp/hard\libgcc.a(_aeabi_uldivmod.o) (__aeabi_ldiv0)
c:/ac6/systemworkbench/plugins/fr.ac6.mcu.externaltools.arm-none.win32_1.17.0.201812190825/tools/compiler/bin/../lib/gcc/arm-none-eabi/7.3.1/../../../../arm-none-eabi/lib/thumb/v7e-m/fpv4-sp/hard\libc_nano.a(lib_a-errno.o)
                              Src/syscalls.o (__errno)
c:/ac6/systemworkbench/plugins/fr.ac6.mcu.externaltools.arm-none.win32_1.17.0.201812190825/tools/compiler/bin/../lib/gcc/arm-none-eabi/7.3.1/../../../../arm-none-eabi/lib/thumb/v7e-m/fpv4-sp/hard\libc_nano.a(lib_a-exit.o)
                              c:/ac6/systemworkbench/plugins/fr.ac6.mcu.externaltools.arm-none.win32_1.17.0.201812190825/tools/compiler/bin/../lib/gcc/arm-none-eabi/7.3.1/../../../../arm-none-eabi/lib/thumb/v7e-m/fpv4-sp/hard/crt0.o (exit)
c:/ac6/systemworkbench/plugins/fr.ac6.mcu.externaltools.arm-none.win32_1.17.0.201812190825/tools/compiler/bin/../lib/gcc/arm-none-eabi/7.3.1/../../../../arm-none-eabi/lib/thumb/v7e-m/fpv4-sp/hard\libc_nano.a(lib_a-impure.o)
                              c:/ac6/systemworkbench/plugins/fr.ac6.mcu.externaltools.arm-none.win32_1.17.0.201812190825/tools/compiler/bin/../lib/gcc/arm-none-eabi/7.3.1/../../../../arm-none-eabi/lib/thumb/v7e-m/fpv4-sp/hard\libc_nano.a(lib_a-exit.o) (_global_impure_ptr)
c:/ac6/systemworkbench/plugins/fr.ac6.mcu.externaltools.arm-none.win32_1.17.0.201812190825/tools/compiler/bin/../lib/gcc/arm-none-eabi/7.3.1/../../../../arm-none-eabi/lib/thumb/v7e-m/fpv4-sp/hard\libc_nano.a(lib_a-init.o)
                              c:/ac6/systemworkbench/plugins/fr.ac6.mcu.externaltools.arm-none.win32_1.17.0.201812190825/tools/compiler/bin/../lib/gcc/arm-none-eabi/7.3.1/../../../../arm-none-eabi/lib/thumb/v7e-m/fpv4-sp/hard/crt0.o (__libc_init_array)
c:/ac6/systemworkbench/plugins/fr.ac6.mcu.externaltools.arm-none.win32_1.17.0.201812190825/tools/compiler/bin/../lib/gcc/arm-none-eabi/7.3.1/../../../../arm-none-eabi/lib/thumb/v7e-m/fpv4-sp/hard\libc_nano.a(lib_a-memset.o)
                              c:/ac6/systemworkbench/plugins/fr.ac6.mcu.externaltools.arm-none.win32_1.17.0.201812190825/tools/compiler/bin/../lib/gcc/arm-none-eabi/7.3.1/../../../../arm-none-eabi/lib/thumb/v7e-m/fpv4-sp/hard/crt0.o (memset)

Allocating common symbols
Common symbol       size              file

uwTick              0x4               Drivers/STM32F4xx_HAL_Driver/Src/stm32f4xx_hal.o
pFlash              0x20              Drivers/STM32F4xx_HAL_Driver/Src/stm32f4xx_hal_flash.o

Discarded input sections

 .text          0x00000000        0x0 c:/ac6/systemworkbench/plugins/fr.ac6.mcu.externaltools.arm-none.win32_1.17.0.201812190825/tools/compiler/bin/../lib/gcc/arm-none-eabi/7.3.1/thumb/v7e-m/fpv4-sp/hard/crti.o
 .data          0x00000000        0x0 c:/ac6/systemworkbench/plugins/fr.ac6.mcu.externaltools.arm-none.win32_1.17.0.201812190825/tools/compiler/bin/../lib/gcc/arm-none-eabi/7.3.1/thumb/v7e-m/fpv4-sp/hard/crti.o
 .bss           0x00000000        0x0 c:/ac6/systemworkbench/plugins/fr.ac6.mcu.externaltools.arm-none.win32_1.17.0.201812190825/tools/compiler/bin/../lib/gcc/arm-none-eabi/7.3.1/thumb/v7e-m/fpv4-sp/hard/crti.o
 .data          0x00000000        0x4 c:/ac6/systemworkbench/plugins/fr.ac6.mcu.externaltools.arm-none.win32_1.17.0.201812190825/tools/compiler/bin/../lib/gcc/arm-none-eabi/7.3.1/thumb/v7e-m/fpv4-sp/hard/crtbegin.o
 .text          0x00000000       0x74 c:/ac6/systemworkbench/plugins/fr.ac6.mcu.externaltools.arm-none.win32_1.17.0.201812190825/tools/compiler/bin/../lib/gcc/arm-none-eabi/7.3.1/../../../../arm-none-eabi/lib/thumb/v7e-m/fpv4-sp/hard/crt0.o
[...]
Memory Configuration

Name             Origin             Length             Attributes
RAM              0x20000000         0x00030000         xrw
CCMRAM           0x10000000         0x00010000         rw
FLASH            0x08000000         0x00200000         xr
*default*        0x00000000         0xffffffff

Linker script and memory map

LOAD c:/ac6/systemworkbench/plugins/fr.ac6.mcu.externaltools.arm-none.win32_1.17.0.201812190825/tools/compiler/bin/../lib/gcc/arm-none-eabi/7.3.1/thumb/v7e-m/fpv4-sp/hard/crti.o
LOAD c:/ac6/systemworkbench/plugins/fr.ac6.mcu.externaltools.arm-none.win32_1.17.0.201812190825/tools/compiler/bin/../lib/gcc/arm-none-eabi/7.3.1/thumb/v7e-m/fpv4-sp/hard/crtbegin.o
LOAD c:/ac6/systemworkbench/plugins/fr.ac6.mcu.externaltools.arm-none.win32_1.17.0.201812190825/tools/compiler/bin/../lib/gcc/arm-none-eabi/7.3.1/../../../../arm-none-eabi/lib/thumb/v7e-m/fpv4-sp/hard/crt0.o
LOAD Drivers/STM32F4xx_HAL_Driver/Src/stm32f4xx_hal.o
LOAD Drivers/STM32F4xx_HAL_Driver/Src/stm32f4xx_hal_cortex.o
LOAD Drivers/STM32F4xx_HAL_Driver/Src/stm32f4xx_hal_dma.o
LOAD Drivers/STM32F4xx_HAL_Driver/Src/stm32f4xx_hal_dma_ex.o
LOAD Drivers/STM32F4xx_HAL_Driver/Src/stm32f4xx_hal_exti.o
LOAD Drivers/STM32F4xx_HAL_Driver/Src/stm32f4xx_hal_flash.o
LOAD Drivers/STM32F4xx_HAL_Driver/Src/stm32f4xx_hal_flash_ex.o
LOAD Drivers/STM32F4xx_HAL_Driver/Src/stm32f4xx_hal_flash_ramfunc.o
LOAD Drivers/STM32F4xx_HAL_Driver/Src/stm32f4xx_hal_gpio.o
LOAD Drivers/STM32F4xx_HAL_Driver/Src/stm32f4xx_hal_pwr.o
LOAD Drivers/STM32F4xx_HAL_Driver/Src/stm32f4xx_hal_pwr_ex.o
LOAD Drivers/STM32F4xx_HAL_Driver/Src/stm32f4xx_hal_rcc.o
LOAD Drivers/STM32F4xx_HAL_Driver/Src/stm32f4xx_hal_rcc_ex.o
LOAD Drivers/STM32F4xx_HAL_Driver/Src/stm32f4xx_hal_tim.o
LOAD Drivers/STM32F4xx_HAL_Driver/Src/stm32f4xx_hal_tim_ex.o
LOAD Src/gpio.o
LOAD Src/main.o
LOAD Src/nvic.o
LOAD Src/rcc.o
LOAD Src/spi.o
LOAD Src/stm32f4xx_hal_msp.o
LOAD Src/stm32f4xx_it.o
LOAD Src/syscalls.o
LOAD Src/system_stm32f4xx.o
LOAD startup/startup_stm32f429xx.o
LOAD c:/ac6/systemworkbench/plugins/fr.ac6.mcu.externaltools.arm-none.win32_1.17.0.201812190825/tools/compiler/bin/../lib/gcc/arm-none-eabi/7.3.1/../../../../arm-none-eabi/lib/thumb/v7e-m/fpv4-sp/hard\libm.a
START GROUP
LOAD c:/ac6/systemworkbench/plugins/fr.ac6.mcu.externaltools.arm-none.win32_1.17.0.201812190825/tools/compiler/bin/../lib/gcc/arm-none-eabi/7.3.1/thumb/v7e-m/fpv4-sp/hard\libgcc.a
LOAD c:/ac6/systemworkbench/plugins/fr.ac6.mcu.externaltools.arm-none.win32_1.17.0.201812190825/tools/compiler/bin/../lib/gcc/arm-none-eabi/7.3.1/../../../../arm-none-eabi/lib/thumb/v7e-m/fpv4-sp/hard\libc_nano.a
END GROUP
START GROUP
LOAD c:/ac6/systemworkbench/plugins/fr.ac6.mcu.externaltools.arm-none.win32_1.17.0.201812190825/tools/compiler/bin/../lib/gcc/arm-none-eabi/7.3.1/thumb/v7e-m/fpv4-sp/hard\libgcc.a
LOAD c:/ac6/systemworkbench/plugins/fr.ac6.mcu.externaltools.arm-none.win32_1.17.0.201812190825/tools/compiler/bin/../lib/gcc/arm-none-eabi/7.3.1/../../../../arm-none-eabi/lib/thumb/v7e-m/fpv4-sp/hard\libc_nano.a
LOAD c:/ac6/systemworkbench/plugins/fr.ac6.mcu.externaltools.arm-none.win32_1.17.0.201812190825/tools/compiler/bin/../lib/gcc/arm-none-eabi/7.3.1/../../../../arm-none-eabi/lib/thumb/v7e-m/fpv4-sp/hard\libnosys.a
END GROUP
START GROUP
LOAD c:/ac6/systemworkbench/plugins/fr.ac6.mcu.externaltools.arm-none.win32_1.17.0.201812190825/tools/compiler/bin/../lib/gcc/arm-none-eabi/7.3.1/thumb/v7e-m/fpv4-sp/hard\libgcc.a
LOAD c:/ac6/systemworkbench/plugins/fr.ac6.mcu.externaltools.arm-none.win32_1.17.0.201812190825/tools/compiler/bin/../lib/gcc/arm-none-eabi/7.3.1/../../../../arm-none-eabi/lib/thumb/v7e-m/fpv4-sp/hard\libc_nano.a
LOAD c:/ac6/systemworkbench/plugins/fr.ac6.mcu.externaltools.arm-none.win32_1.17.0.201812190825/tools/compiler/bin/../lib/gcc/arm-none-eabi/7.3.1/../../../../arm-none-eabi/lib/thumb/v7e-m/fpv4-sp/hard\libnosys.a
END GROUP
LOAD c:/ac6/systemworkbench/plugins/fr.ac6.mcu.externaltools.arm-none.win32_1.17.0.201812190825/tools/compiler/bin/../lib/gcc/arm-none-eabi/7.3.1/thumb/v7e-m/fpv4-sp/hard/crtend.o
LOAD c:/ac6/systemworkbench/plugins/fr.ac6.mcu.externaltools.arm-none.win32_1.17.0.201812190825/tools/compiler/bin/../lib/gcc/arm-none-eabi/7.3.1/thumb/v7e-m/fpv4-sp/hard/crtn.o
                0x20030000                _estack = 0x20030000
                0x00000200                _Min_Heap_Size = 0x200
                0x00000400                _Min_Stack_Size = 0x400

.isr_vector     0x08000000      0x1ac
                0x08000000                . = ALIGN (0x4)
 *(.isr_vector)
 .isr_vector    0x08000000      0x1ac startup/startup_stm32f429xx.o
                0x08000000                g_pfnVectors
                0x080001ac                . = ALIGN (0x4)

.text           0x080001ac      0xf18
                0x080001ac                . = ALIGN (0x4)
 *(.text)
 .text          0x080001ac       0x40 c:/ac6/systemworkbench/plugins/fr.ac6.mcu.externaltools.arm-none.win32_1.17.0.201812190825/tools/compiler/bin/../lib/gcc/arm-none-eabi/7.3.1/thumb/v7e-m/fpv4-sp/hard/crtbegin.o
 .text          0x080001ec       0x30 c:/ac6/systemworkbench/plugins/fr.ac6.mcu.externaltools.arm-none.win32_1.17.0.201812190825/tools/compiler/bin/../lib/gcc/arm-none-eabi/7.3.1/thumb/v7e-m/fpv4-sp/hard\libgcc.a(_aeabi_uldivmod.o)
                0x080001ec                __aeabi_uldivmod
 .text          0x0800021c      0x2cc c:/ac6/systemworkbench/plugins/fr.ac6.mcu.externaltools.arm-none.win32_1.17.0.201812190825/tools/compiler/bin/../lib/gcc/arm-none-eabi/7.3.1/thumb/v7e-m/fpv4-sp/hard\libgcc.a(_udivmoddi4.o)
                0x0800021c                __udivmoddi4
 .text          0x080004e8        0x4 c:/ac6/systemworkbench/plugins/fr.ac6.mcu.externaltools.arm-none.win32_1.17.0.201812190825/tools/compiler/bin/../lib/gcc/arm-none-eabi/7.3.1/thumb/v7e-m/fpv4-sp/hard\libgcc.a(_dvmd_tls.o)
                0x080004e8                __aeabi_idiv0
                0x080004e8                __aeabi_ldiv0
 *(.text*)
 .text.HAL_InitTick
                0x080004ec       0x48 Drivers/STM32F4xx_HAL_Driver/Src/stm32f4xx_hal.o
                0x080004ec                HAL_InitTick
 .text.HAL_Init
                0x08000534       0x34 Drivers/STM32F4xx_HAL_Driver/Src/stm32f4xx_hal.o
                0x08000534                HAL_Init
 .text.HAL_IncTick
                0x08000568       0x18 Drivers/STM32F4xx_HAL_Driver/Src/stm32f4xx_hal.o
                0x08000568                HAL_IncTick
 .text.HAL_GetTick
                0x08000580        0xc Drivers/STM32F4xx_HAL_Driver/Src/stm32f4xx_hal.o
                0x08000580                HAL_GetTick
 .text.HAL_NVIC_SetPriorityGrouping
                0x0800058c       0x24 Drivers/STM32F4xx_HAL_Driver/Src/stm32f4xx_hal_cortex.o
                0x0800058c                HAL_NVIC_SetPriorityGrouping
 .text.HAL_NVIC_SetPriority
                0x080005b0       0x68 Drivers/STM32F4xx_HAL_Driver/Src/stm32f4xx_hal_cortex.o
                0x080005b0                HAL_NVIC_SetPriority
 .text.HAL_SYSTICK_Config
                0x08000618       0x2c Drivers/STM32F4xx_HAL_Driver/Src/stm32f4xx_hal_cortex.o
                0x08000618                HAL_SYSTICK_Config
 .text.HAL_RCC_OscConfig
                0x08000644      0x398 Drivers/STM32F4xx_HAL_Driver/Src/stm32f4xx_hal_rcc.o
                0x08000644                HAL_RCC_OscConfig
 .text.HAL_RCC_GetSysClockFreq
                0x080009dc       0xa8 Drivers/STM32F4xx_HAL_Driver/Src/stm32f4xx_hal_rcc.o
                0x080009dc                HAL_RCC_GetSysClockFreq
 .text.HAL_RCC_ClockConfig
                0x08000a84      0x158 Drivers/STM32F4xx_HAL_Driver/Src/stm32f4xx_hal_rcc.o
                0x08000a84                HAL_RCC_ClockConfig
 .text.configGPIO
                0x08000bdc       0x84 Src/gpio.o
                0x08000bdc                configGPIO
 .text.configGPIOWithoutAF
                0x08000c60       0x46 Src/gpio.o
                0x08000c60                configGPIOWithoutAF
 .text.readGPIO
                0x08000ca6       0x14 Src/gpio.o
                0x08000ca6                readGPIO
 *fill*         0x08000cba        0x2 
 .text.MX_GPIO_Init
                0x08000cbc       0x38 Src/main.o
 .text.SystemClock_Config
                0x08000cf4       0x80 Src/main.o
                0x08000cf4                SystemClock_Config
 .text.main     0x08000d74      0x164 Src/main.o
                0x08000d74                main
 .text.SPI1_IRQHandler
                0x08000ed8       0x20 Src/main.o
                0x08000ed8                SPI1_IRQHandler
 .text.SPI4_IRQHandler
                0x08000ef8       0x20 Src/main.o
                0x08000ef8                SPI4_IRQHandler
 .text.nvicEnableInterrupt
                0x08000f18       0x30 Src/nvic.o
                0x08000f18                nvicEnableInterrupt
 .text.spiConfig
                0x08000f48       0x12 Src/spi.o
                0x08000f48                spiConfig
 .text.spiEnable
                0x08000f5a        0xa Src/spi.o
                0x08000f5a                spiEnable
 .text.HAL_MspInit
                0x08000f64       0x38 Src/stm32f4xx_hal_msp.o
                0x08000f64                HAL_MspInit
 .text.NMI_Handler
                0x08000f9c        0x2 Src/stm32f4xx_it.o
                0x08000f9c                NMI_Handler
 .text.HardFault_Handler
                0x08000f9e        0x2 Src/stm32f4xx_it.o
                0x08000f9e                HardFault_Handler
 .text.MemManage_Handler
                0x08000fa0        0x2 Src/stm32f4xx_it.o
                0x08000fa0                MemManage_Handler
 .text.BusFault_Handler
                0x08000fa2        0x2 Src/stm32f4xx_it.o
                0x08000fa2                BusFault_Handler
 .text.UsageFault_Handler
                0x08000fa4        0x2 Src/stm32f4xx_it.o
                0x08000fa4                UsageFault_Handler
 .text.SVC_Handler
                0x08000fa6        0x2 Src/stm32f4xx_it.o
                0x08000fa6                SVC_Handler
 .text.DebugMon_Handler
                0x08000fa8        0x2 Src/stm32f4xx_it.o
                0x08000fa8                DebugMon_Handler
 .text.PendSV_Handler
                0x08000faa        0x2 Src/stm32f4xx_it.o
                0x08000faa                PendSV_Handler
 .text.SysTick_Handler
                0x08000fac        0x8 Src/stm32f4xx_it.o
                0x08000fac                SysTick_Handler
 .text.SystemInit
                0x08000fb4       0x4c Src/system_stm32f4xx.o
                0x08000fb4                SystemInit
 .text.Reset_Handler
                0x08001000       0x50 startup/startup_stm32f429xx.o
                0x08001000                Reset_Handler
 .text.Default_Handler
                0x08001050        0x2 startup/startup_stm32f429xx.o
                0x08001050                RTC_Alarm_IRQHandler
                0x08001050                HASH_RNG_IRQHandler
                0x08001050                EXTI2_IRQHandler
                0x08001050                TIM8_CC_IRQHandler
                0x08001050                UART8_IRQHandler
                0x08001050                TIM1_CC_IRQHandler
                0x08001050                DMA2_Stream5_IRQHandler
                0x08001050                DMA1_Stream5_IRQHandler
                0x08001050                PVD_IRQHandler
                0x08001050                SDIO_IRQHandler
                0x08001050                TAMP_STAMP_IRQHandler
                0x08001050                CAN2_RX1_IRQHandler
                0x08001050                EXTI3_IRQHandler
                0x08001050                TIM8_TRG_COM_TIM14_IRQHandler
                0x08001050                TIM1_UP_TIM10_IRQHandler
                0x08001050                TIM8_UP_TIM13_IRQHandler
                0x08001050                I2C3_ER_IRQHandler
                0x08001050                EXTI0_IRQHandler
                0x08001050                I2C2_EV_IRQHandler
                0x08001050                DMA1_Stream2_IRQHandler
                0x08001050                CAN1_RX0_IRQHandler
                0x08001050                FPU_IRQHandler
                0x08001050                OTG_HS_WKUP_IRQHandler
                0x08001050                LTDC_ER_IRQHandler
                0x08001050                CAN2_SCE_IRQHandler
                0x08001050                DMA2_Stream2_IRQHandler
                0x08001050                TIM6_DAC_IRQHandler
                0x08001050                TIM1_BRK_TIM9_IRQHandler
                0x08001050                DCMI_IRQHandler
                0x08001050                CAN2_RX0_IRQHandler
                0x08001050                DMA2_Stream3_IRQHandler
                0x08001050                USART6_IRQHandler
                0x08001050                USART3_IRQHandler
                0x08001050                CAN1_RX1_IRQHandler
                0x08001050                UART5_IRQHandler
                0x08001050                DMA2_Stream0_IRQHandler
                0x08001050                TIM4_IRQHandler
                0x08001050                I2C1_EV_IRQHandler
                0x08001050                DMA1_Stream6_IRQHandler
                0x08001050                DMA1_Stream1_IRQHandler
                0x08001050                UART4_IRQHandler
                0x08001050                TIM3_IRQHandler
                0x08001050                RCC_IRQHandler
                0x08001050                TIM8_BRK_TIM12_IRQHandler
                0x08001050                Default_Handler
                0x08001050                EXTI15_10_IRQHandler
                0x08001050                ADC_IRQHandler
                0x08001050                DMA1_Stream7_IRQHandler
                0x08001050                SPI5_IRQHandler
                0x08001050                TIM7_IRQHandler
                0x08001050                CAN2_TX_IRQHandler
                0x08001050                TIM5_IRQHandler
                0x08001050                DMA2_Stream7_IRQHandler
                0x08001050                I2C3_EV_IRQHandler
                0x08001050                EXTI9_5_IRQHandler
                0x08001050                RTC_WKUP_IRQHandler
                0x08001050                LTDC_IRQHandler
                0x08001050                ETH_WKUP_IRQHandler
                0x08001050                SPI2_IRQHandler
                0x08001050                OTG_HS_EP1_IN_IRQHandler
                0x08001050                DMA1_Stream0_IRQHandler
                0x08001050                CAN1_TX_IRQHandler
                0x08001050                EXTI4_IRQHandler
                0x08001050                ETH_IRQHandler
                0x08001050                OTG_HS_EP1_OUT_IRQHandler
                0x08001050                WWDG_IRQHandler
                0x08001050                SPI6_IRQHandler
                0x08001050                TIM2_IRQHandler
                0x08001050                OTG_FS_WKUP_IRQHandler
                0x08001050                TIM1_TRG_COM_TIM11_IRQHandler
                0x08001050                OTG_HS_IRQHandler
                0x08001050                DMA2D_IRQHandler
                0x08001050                EXTI1_IRQHandler
                0x08001050                UART7_IRQHandler
                0x08001050                USART2_IRQHandler
                0x08001050                I2C2_ER_IRQHandler
                0x08001050                DMA2_Stream1_IRQHandler
                0x08001050                CAN1_SCE_IRQHandler
                0x08001050                FLASH_IRQHandler
                0x08001050                DMA2_Stream4_IRQHandler
                0x08001050                USART1_IRQHandler
                0x08001050                OTG_FS_IRQHandler
                0x08001050                SPI3_IRQHandler
                0x08001050                DMA1_Stream4_IRQHandler
                0x08001050                I2C1_ER_IRQHandler
                0x08001050                FMC_IRQHandler
                0x08001050                DMA2_Stream6_IRQHandler
                0x08001050                SAI1_IRQHandler
                0x08001050                DMA1_Stream3_IRQHandler
 *fill*         0x08001052        0x2 
 .text.__libc_init_array
                0x08001054       0x48 c:/ac6/systemworkbench/plugins/fr.ac6.mcu.externaltools.arm-none.win32_1.17.0.201812190825/tools/compiler/bin/../lib/gcc/arm-none-eabi/7.3.1/../../../../arm-none-eabi/lib/thumb/v7e-m/fpv4-sp/hard\libc_nano.a(lib_a-init.o)
                0x08001054                __libc_init_array
 .text.memset   0x0800109c       0x10 c:/ac6/systemworkbench/plugins/fr.ac6.mcu.externaltools.arm-none.win32_1.17.0.201812190825/tools/compiler/bin/../lib/gcc/arm-none-eabi/7.3.1/../../../../arm-none-eabi/lib/thumb/v7e-m/fpv4-sp/hard\libc_nano.a(lib_a-memset.o)
                0x0800109c                memset
 *(.glue_7)
 .glue_7        0x080010ac        0x0 linker stubs
 *(.glue_7t)
 .glue_7t       0x080010ac        0x0 linker stubs
 *(.eh_frame)
 .eh_frame      0x080010ac        0x0 c:/ac6/systemworkbench/plugins/fr.ac6.mcu.externaltools.arm-none.win32_1.17.0.201812190825/tools/compiler/bin/../lib/gcc/arm-none-eabi/7.3.1/thumb/v7e-m/fpv4-sp/hard/crtbegin.o
 *(.init)
 .init          0x080010ac        0x4 c:/ac6/systemworkbench/plugins/fr.ac6.mcu.externaltools.arm-none.win32_1.17.0.201812190825/tools/compiler/bin/../lib/gcc/arm-none-eabi/7.3.1/thumb/v7e-m/fpv4-sp/hard/crti.o
                0x080010ac                _init
 .init          0x080010b0        0x8 c:/ac6/systemworkbench/plugins/fr.ac6.mcu.externaltools.arm-none.win32_1.17.0.201812190825/tools/compiler/bin/../lib/gcc/arm-none-eabi/7.3.1/thumb/v7e-m/fpv4-sp/hard/crtn.o
 *(.fini)
 .fini          0x080010b8        0x4 c:/ac6/systemworkbench/plugins/fr.ac6.mcu.externaltools.arm-none.win32_1.17.0.201812190825/tools/compiler/bin/../lib/gcc/arm-none-eabi/7.3.1/thumb/v7e-m/fpv4-sp/hard/crti.o
                0x080010b8                _fini
 .fini          0x080010bc        0x8 c:/ac6/systemworkbench/plugins/fr.ac6.mcu.externaltools.arm-none.win32_1.17.0.201812190825/tools/compiler/bin/../lib/gcc/arm-none-eabi/7.3.1/thumb/v7e-m/fpv4-sp/hard/crtn.o
                0x080010c4                . = ALIGN (0x4)
                0x080010c4                _etext = .

.vfp11_veneer   0x080010c4        0x0
 .vfp11_veneer  0x080010c4        0x0 linker stubs

.v4_bx          0x080010c4        0x0
 .v4_bx         0x080010c4        0x0 linker stubs

.iplt           0x080010c4        0x0
 .iplt          0x080010c4        0x0 c:/ac6/systemworkbench/plugins/fr.ac6.mcu.externaltools.arm-none.win32_1.17.0.201812190825/tools/compiler/bin/../lib/gcc/arm-none-eabi/7.3.1/thumb/v7e-m/fpv4-sp/hard/crtbegin.o

.rodata         0x080010c4       0x18
                0x080010c4                . = ALIGN (0x4)
 *(.rodata)
 .rodata        0x080010c4       0x18 Src/system_stm32f4xx.o
                0x080010c4                AHBPrescTable
                0x080010d4                APBPrescTable
 *(.rodata*)
                0x080010dc                . = ALIGN (0x4)

.ARM.extab
 *(.ARM.extab* .gnu.linkonce.armextab.*)

.ARM            0x080010dc        0x8
                0x080010dc                __exidx_start = .
 *(.ARM.exidx*)
 .ARM.exidx     0x080010dc        0x8 c:/ac6/systemworkbench/plugins/fr.ac6.mcu.externaltools.arm-none.win32_1.17.0.201812190825/tools/compiler/bin/../lib/gcc/arm-none-eabi/7.3.1/thumb/v7e-m/fpv4-sp/hard\libgcc.a(_udivmoddi4.o)
                0x080010e4                __exidx_end = .

.rel.dyn        0x080010e4        0x0
 .rel.iplt      0x080010e4        0x0 c:/ac6/systemworkbench/plugins/fr.ac6.mcu.externaltools.arm-none.win32_1.17.0.201812190825/tools/compiler/bin/../lib/gcc/arm-none-eabi/7.3.1/thumb/v7e-m/fpv4-sp/hard/crtbegin.o

.preinit_array  0x080010e4        0x0
                0x080010e4                PROVIDE (__preinit_array_start = .)
 *(.preinit_array*)
                0x080010e4                PROVIDE (__preinit_array_end = .)

.init_array     0x080010e4        0x4
                0x080010e4                PROVIDE (__init_array_start = .)
 *(SORT_BY_NAME(.init_array.*))
 *(.init_array*)
 .init_array    0x080010e4        0x4 c:/ac6/systemworkbench/plugins/fr.ac6.mcu.externaltools.arm-none.win32_1.17.0.201812190825/tools/compiler/bin/../lib/gcc/arm-none-eabi/7.3.1/thumb/v7e-m/fpv4-sp/hard/crtbegin.o
                0x080010e8                PROVIDE (__init_array_end = .)

.fini_array     0x080010e8        0x4
                [!provide]                PROVIDE (__fini_array_start = .)
 *(SORT_BY_NAME(.fini_array.*))
 *(.fini_array*)
 .fini_array    0x080010e8        0x4 c:/ac6/systemworkbench/plugins/fr.ac6.mcu.externaltools.arm-none.win32_1.17.0.201812190825/tools/compiler/bin/../lib/gcc/arm-none-eabi/7.3.1/thumb/v7e-m/fpv4-sp/hard/crtbegin.o
                [!provide]                PROVIDE (__fini_array_end = .)
                0x080010ec                _sidata = LOADADDR (.data)

.data           0x20000000        0xc load address 0x080010ec
                0x20000000                . = ALIGN (0x4)
                0x20000000                _sdata = .
 *(.data)
 .data          0x20000000        0x8 Drivers/STM32F4xx_HAL_Driver/Src/stm32f4xx_hal.o
                0x20000000                uwTickFreq
                0x20000004                uwTickPrio
 .data          0x20000008        0x4 Src/system_stm32f4xx.o
                0x20000008                SystemCoreClock
 *(.data*)
                0x2000000c                . = ALIGN (0x4)
                0x2000000c                _edata = .
                0x080010f8                _siccmram = LOADADDR (.ccmram)

.igot.plt       0x2000000c        0x0 load address 0x080010f8
 .igot.plt      0x2000000c        0x0 c:/ac6/systemworkbench/plugins/fr.ac6.mcu.externaltools.arm-none.win32_1.17.0.201812190825/tools/compiler/bin/../lib/gcc/arm-none-eabi/7.3.1/thumb/v7e-m/fpv4-sp/hard/crtbegin.o

.ccmram         0x10000000        0x0 load address 0x080010f8
                0x10000000                . = ALIGN (0x4)
                0x10000000                _sccmram = .
 *(.ccmram)
 *(.ccmram*)
                0x10000000                . = ALIGN (0x4)
                0x10000000                _eccmram = .
                0x10000000                . = ALIGN (0x4)

.bss            0x2000000c       0x24
                0x2000000c                _sbss = .
                0x2000000c                __bss_start__ = _sbss
 *(.bss)
 .bss           0x2000000c       0x1c c:/ac6/systemworkbench/plugins/fr.ac6.mcu.externaltools.arm-none.win32_1.17.0.201812190825/tools/compiler/bin/../lib/gcc/arm-none-eabi/7.3.1/thumb/v7e-m/fpv4-sp/hard/crtbegin.o
 .bss           0x20000028        0x3 Src/main.o
                0x20000028                buttonState
                0x20000029                masterMsg
                0x2000002a                slaveMsg
 *(.bss*)
 *(COMMON)
 *fill*         0x2000002b        0x1 
 COMMON         0x2000002c        0x4 Drivers/STM32F4xx_HAL_Driver/Src/stm32f4xx_hal.o
                0x2000002c                uwTick
                0x20000030                . = ALIGN (0x4)
                0x20000030                _ebss = .
                0x20000030                __bss_end__ = _ebss

._user_heap_stack
                0x20000030      0x600
                0x20000030                . = ALIGN (0x8)
                0x20000030                PROVIDE (end = .)
                [!provide]                PROVIDE (_end = .)
                0x20000230                . = (. + _Min_Heap_Size)
 *fill*         0x20000030      0x200 
                0x20000630                . = (. + _Min_Stack_Size)
 *fill*         0x20000230      0x400 
                0x20000630                . = ALIGN (0x8)

/DISCARD/
 libc.a(*)
 libm.a(*)
 libgcc.a(*)

.ARM.attributes
                0x00000000       0x30
 *(.ARM.attributes)
 .ARM.attributes
                0x00000000       0x22 c:/ac6/systemworkbench/plugins/fr.ac6.mcu.externaltools.arm-none.win32_1.17.0.201812190825/tools/compiler/bin/../lib/gcc/arm-none-eabi/7.3.1/thumb/v7e-m/fpv4-sp/hard/crti.o
 .ARM.attributes
                0x00000022       0x34 c:/ac6/systemworkbench/plugins/fr.ac6.mcu.externaltools.arm-none.win32_1.17.0.201812190825/tools/compiler/bin/../lib/gcc/arm-none-eabi/7.3.1/thumb/v7e-m/fpv4-sp/hard/crtbegin.o
 .ARM.attributes
                0x00000056       0x39 Drivers/STM32F4xx_HAL_Driver/Src/stm32f4xx_hal.o
 .ARM.attributes
                0x0000008f       0x39 Drivers/STM32F4xx_HAL_Driver/Src/stm32f4xx_hal_cortex.o
 .ARM.attributes
                0x000000c8       0x39 Drivers/STM32F4xx_HAL_Driver/Src/stm32f4xx_hal_rcc.o
 .ARM.attributes
                0x00000101       0x39 Src/gpio.o
 .ARM.attributes
                0x0000013a       0x39 Src/main.o
 .ARM.attributes
                0x00000173       0x39 Src/nvic.o
 .ARM.attributes
                0x000001ac       0x39 Src/spi.o
 .ARM.attributes
                0x000001e5       0x39 Src/stm32f4xx_hal_msp.o
 .ARM.attributes
                0x0000021e       0x39 Src/stm32f4xx_it.o
 .ARM.attributes
                0x00000257       0x39 Src/system_stm32f4xx.o
 .ARM.attributes
                0x00000290       0x21 startup/startup_stm32f429xx.o
 .ARM.attributes
                0x000002b1       0x22 c:/ac6/systemworkbench/plugins/fr.ac6.mcu.externaltools.arm-none.win32_1.17.0.201812190825/tools/compiler/bin/../lib/gcc/arm-none-eabi/7.3.1/thumb/v7e-m/fpv4-sp/hard\libgcc.a(_aeabi_uldivmod.o)
 .ARM.attributes
                0x000002d3       0x34 c:/ac6/systemworkbench/plugins/fr.ac6.mcu.externaltools.arm-none.win32_1.17.0.201812190825/tools/compiler/bin/../lib/gcc/arm-none-eabi/7.3.1/thumb/v7e-m/fpv4-sp/hard\libgcc.a(_udivmoddi4.o)
 .ARM.attributes
                0x00000307       0x22 c:/ac6/systemworkbench/plugins/fr.ac6.mcu.externaltools.arm-none.win32_1.17.0.201812190825/tools/compiler/bin/../lib/gcc/arm-none-eabi/7.3.1/thumb/v7e-m/fpv4-sp/hard\libgcc.a(_dvmd_tls.o)
 .ARM.attributes
                0x00000329       0x34 c:/ac6/systemworkbench/plugins/fr.ac6.mcu.externaltools.arm-none.win32_1.17.0.201812190825/tools/compiler/bin/../lib/gcc/arm-none-eabi/7.3.1/../../../../arm-none-eabi/lib/thumb/v7e-m/fpv4-sp/hard\libc_nano.a(lib_a-init.o)
 .ARM.attributes
                0x0000035d       0x34 c:/ac6/systemworkbench/plugins/fr.ac6.mcu.externaltools.arm-none.win32_1.17.0.201812190825/tools/compiler/bin/../lib/gcc/arm-none-eabi/7.3.1/../../../../arm-none-eabi/lib/thumb/v7e-m/fpv4-sp/hard\libc_nano.a(lib_a-memset.o)
 .ARM.attributes
                0x00000391       0x22 c:/ac6/systemworkbench/plugins/fr.ac6.mcu.externaltools.arm-none.win32_1.17.0.201812190825/tools/compiler/bin/../lib/gcc/arm-none-eabi/7.3.1/thumb/v7e-m/fpv4-sp/hard/crtn.o
OUTPUT(peripheralsV2.elf elf32-littlearm)

.debug_info     0x00000000     0x40aa
 .debug_info    0x00000000      0xa40 Drivers/STM32F4xx_HAL_Driver/Src/stm32f4xx_hal.o
 .debug_info    0x00000a40      0xf70 Drivers/STM32F4xx_HAL_Driver/Src/stm32f4xx_hal_cortex.o
 .debug_info    0x000019b0      0xa53 Drivers/STM32F4xx_HAL_Driver/Src/stm32f4xx_hal_rcc.o
 .debug_info    0x00002403      0x2e9 Src/gpio.o
 .debug_info    0x000026ec      0xab0 Src/main.o
 .debug_info    0x0000319c      0x303 Src/nvic.o
 .debug_info    0x0000349f      0x1d2 Src/spi.o
 .debug_info    0x00003671      0x32a Src/stm32f4xx_hal_msp.o
 .debug_info    0x0000399b      0x1cc Src/stm32f4xx_it.o
 .debug_info    0x00003b67      0x521 Src/system_stm32f4xx.o
 .debug_info    0x00004088       0x22 startup/startup_stm32f429xx.o

.debug_abbrev   0x00000000      0xfaa
 .debug_abbrev  0x00000000      0x1f1 Drivers/STM32F4xx_HAL_Driver/Src/stm32f4xx_hal.o
 .debug_abbrev  0x000001f1      0x328 Drivers/STM32F4xx_HAL_Driver/Src/stm32f4xx_hal_cortex.o
 .debug_abbrev  0x00000519      0x273 Drivers/STM32F4xx_HAL_Driver/Src/stm32f4xx_hal_rcc.o
 .debug_abbrev  0x0000078c      0x125 Src/gpio.o
 .debug_abbrev  0x000008b1      0x227 Src/main.o
 .debug_abbrev  0x00000ad8      0x104 Src/nvic.o
 .debug_abbrev  0x00000bdc       0xf2 Src/spi.o
 .debug_abbrev  0x00000cce       0xef Src/stm32f4xx_hal_msp.o
 .debug_abbrev  0x00000dbd       0xca Src/stm32f4xx_it.o
 .debug_abbrev  0x00000e87      0x111 Src/system_stm32f4xx.o
 .debug_abbrev  0x00000f98       0x12 startup/startup_stm32f429xx.o

.debug_loc      0x00000000     0x1100
 .debug_loc     0x00000000       0xfd Drivers/STM32F4xx_HAL_Driver/Src/stm32f4xx_hal.o
 .debug_loc     0x000000fd      0x5ce Drivers/STM32F4xx_HAL_Driver/Src/stm32f4xx_hal_cortex.o
 .debug_loc     0x000006cb      0x3f1 Drivers/STM32F4xx_HAL_Driver/Src/stm32f4xx_hal_rcc.o
 .debug_loc     0x00000abc      0x2f4 Src/gpio.o
 .debug_loc     0x00000db0      0x1d0 Src/nvic.o
 .debug_loc     0x00000f80       0x42 Src/spi.o
 .debug_loc     0x00000fc2      0x13e Src/system_stm32f4xx.o

.debug_aranges  0x00000000      0x400
 .debug_aranges
                0x00000000      0x100 Drivers/STM32F4xx_HAL_Driver/Src/stm32f4xx_hal.o
 .debug_aranges
                0x00000100       0xa8 Drivers/STM32F4xx_HAL_Driver/Src/stm32f4xx_hal_cortex.o
 .debug_aranges
                0x000001a8       0x88 Drivers/STM32F4xx_HAL_Driver/Src/stm32f4xx_hal_rcc.o
 .debug_aranges
                0x00000230       0x40 Src/gpio.o
 .debug_aranges
                0x00000270       0x48 Src/main.o
 .debug_aranges
                0x000002b8       0x40 Src/nvic.o
 .debug_aranges
                0x000002f8       0x38 Src/spi.o
 .debug_aranges
                0x00000330       0x20 Src/stm32f4xx_hal_msp.o
 .debug_aranges
                0x00000350       0x60 Src/stm32f4xx_it.o
 .debug_aranges
                0x000003b0       0x28 Src/system_stm32f4xx.o
 .debug_aranges
                0x000003d8       0x28 startup/startup_stm32f429xx.o

.debug_ranges   0x00000000      0x3d0
 .debug_ranges  0x00000000       0xf0 Drivers/STM32F4xx_HAL_Driver/Src/stm32f4xx_hal.o
 .debug_ranges  0x000000f0       0xf8 Drivers/STM32F4xx_HAL_Driver/Src/stm32f4xx_hal_cortex.o
 .debug_ranges  0x000001e8       0x90 Drivers/STM32F4xx_HAL_Driver/Src/stm32f4xx_hal_rcc.o
 .debug_ranges  0x00000278       0x30 Src/gpio.o
 .debug_ranges  0x000002a8       0x38 Src/main.o
 .debug_ranges  0x000002e0       0x30 Src/nvic.o
 .debug_ranges  0x00000310       0x28 Src/spi.o
 .debug_ranges  0x00000338       0x10 Src/stm32f4xx_hal_msp.o
 .debug_ranges  0x00000348       0x50 Src/stm32f4xx_it.o
 .debug_ranges  0x00000398       0x18 Src/system_stm32f4xx.o
 .debug_ranges  0x000003b0       0x20 startup/startup_stm32f429xx.o

.debug_macro    0x00000000    0x21822
 .debug_macro   0x00000000      0x210 Drivers/STM32F4xx_HAL_Driver/Src/stm32f4xx_hal.o
 .debug_macro   0x00000210      0xa60 Drivers/STM32F4xx_HAL_Driver/Src/stm32f4xx_hal.o
 .debug_macro   0x00000c70      0x17e Drivers/STM32F4xx_HAL_Driver/Src/stm32f4xx_hal.o
 .debug_macro   0x00000dee       0x32 Drivers/STM32F4xx_HAL_Driver/Src/stm32f4xx_hal.o
 .debug_macro   0x00000e20       0x28 Drivers/STM32F4xx_HAL_Driver/Src/stm32f4xx_hal.o
 .debug_macro   0x00000e48       0x22 Drivers/STM32F4xx_HAL_Driver/Src/stm32f4xx_hal.o
 .debug_macro   0x00000e6a       0x8e Drivers/STM32F4xx_HAL_Driver/Src/stm32f4xx_hal.o
 .debug_macro   0x00000ef8       0x51 Drivers/STM32F4xx_HAL_Driver/Src/stm32f4xx_hal.o
 .debug_macro   0x00000f49       0xef Drivers/STM32F4xx_HAL_Driver/Src/stm32f4xx_hal.o
 .debug_macro   0x00001038       0x6a Drivers/STM32F4xx_HAL_Driver/Src/stm32f4xx_hal.o
 .debug_macro   0x000010a2      0x1df Drivers/STM32F4xx_HAL_Driver/Src/stm32f4xx_hal.o
 .debug_macro   0x00001281       0x1c Drivers/STM32F4xx_HAL_Driver/Src/stm32f4xx_hal.o
 .debug_macro   0x0000129d       0x22 Drivers/STM32F4xx_HAL_Driver/Src/stm32f4xx_hal.o
 .debug_macro   0x000012bf       0xdf Drivers/STM32F4xx_HAL_Driver/Src/stm32f4xx_hal.o
 .debug_macro   0x0000139e     0x102d Drivers/STM32F4xx_HAL_Driver/Src/stm32f4xx_hal.o
 .debug_macro   0x000023cb      0x11f Drivers/STM32F4xx_HAL_Driver/Src/stm32f4xx_hal.o
 .debug_macro   0x000024ea    0x17f81 Drivers/STM32F4xx_HAL_Driver/Src/stm32f4xx_hal.o
 .debug_macro   0x0001a46b       0x43 Drivers/STM32F4xx_HAL_Driver/Src/stm32f4xx_hal.o
 .debug_macro   0x0001a4ae     0x3644 Drivers/STM32F4xx_HAL_Driver/Src/stm32f4xx_hal.o
 .debug_macro   0x0001daf2      0x174 Drivers/STM32F4xx_HAL_Driver/Src/stm32f4xx_hal.o
 .debug_macro   0x0001dc66       0x4e Drivers/STM32F4xx_HAL_Driver/Src/stm32f4xx_hal.o
 .debug_macro   0x0001dcb4      0xca5 Drivers/STM32F4xx_HAL_Driver/Src/stm32f4xx_hal.o
 .debug_macro   0x0001e959      0x9fe Drivers/STM32F4xx_HAL_Driver/Src/stm32f4xx_hal.o
 .debug_macro   0x0001f357       0xed Drivers/STM32F4xx_HAL_Driver/Src/stm32f4xx_hal.o
 .debug_macro   0x0001f444      0x117 Drivers/STM32F4xx_HAL_Driver/Src/stm32f4xx_hal.o
 .debug_macro   0x0001f55b      0x157 Drivers/STM32F4xx_HAL_Driver/Src/stm32f4xx_hal.o
 .debug_macro   0x0001f6b2       0x27 Drivers/STM32F4xx_HAL_Driver/Src/stm32f4xx_hal.o
 .debug_macro   0x0001f6d9      0x287 Drivers/STM32F4xx_HAL_Driver/Src/stm32f4xx_hal.o
 .debug_macro   0x0001f960       0x5f Drivers/STM32F4xx_HAL_Driver/Src/stm32f4xx_hal.o
 .debug_macro   0x0001f9bf      0x236 Drivers/STM32F4xx_HAL_Driver/Src/stm32f4xx_hal.o
 .debug_macro   0x0001fbf5      0x132 Drivers/STM32F4xx_HAL_Driver/Src/stm32f4xx_hal.o
 .debug_macro   0x0001fd27      0x41d Drivers/STM32F4xx_HAL_Driver/Src/stm32f4xx_hal.o
 .debug_macro   0x00020144       0x2e Drivers/STM32F4xx_HAL_Driver/Src/stm32f4xx_hal.o
 .debug_macro   0x00020172      0x11a Drivers/STM32F4xx_HAL_Driver/Src/stm32f4xx_hal.o
 .debug_macro   0x0002028c       0xe2 Drivers/STM32F4xx_HAL_Driver/Src/stm32f4xx_hal.o
 .debug_macro   0x0002036e       0x89 Drivers/STM32F4xx_HAL_Driver/Src/stm32f4xx_hal.o
 .debug_macro   0x000203f7      0x134 Drivers/STM32F4xx_HAL_Driver/Src/stm32f4xx_hal.o
 .debug_macro   0x0002052b      0x1b0 Drivers/STM32F4xx_HAL_Driver/Src/stm32f4xx_hal_cortex.o
 .debug_macro   0x000206db      0x1d4 Drivers/STM32F4xx_HAL_Driver/Src/stm32f4xx_hal_rcc.o
 .debug_macro   0x000208af       0x7b Src/gpio.o
 .debug_macro   0x0002092a       0x22 Src/gpio.o
 .debug_macro   0x0002094c       0xf4 Src/gpio.o
 .debug_macro   0x00020a40      0x1e4 Src/main.o
 .debug_macro   0x00020c24      0x337 Src/main.o
 .debug_macro   0x00020f5b      0x15a Src/main.o
 .debug_macro   0x000210b5       0x73 Src/nvic.o
 .debug_macro   0x00021128       0x72 Src/spi.o
 .debug_macro   0x0002119a      0x154 Src/spi.o
 .debug_macro   0x000212ee      0x1ba Src/stm32f4xx_hal_msp.o
 .debug_macro   0x000214a8      0x1c4 Src/stm32f4xx_it.o
 .debug_macro   0x0002166c      0x1b6 Src/system_stm32f4xx.o

.debug_line     0x00000000     0x403d
 .debug_line    0x00000000      0x8a2 Drivers/STM32F4xx_HAL_Driver/Src/stm32f4xx_hal.o
 .debug_line    0x000008a2      0x8d4 Drivers/STM32F4xx_HAL_Driver/Src/stm32f4xx_hal_cortex.o
 .debug_line    0x00001176      0x8f4 Drivers/STM32F4xx_HAL_Driver/Src/stm32f4xx_hal_rcc.o
 .debug_line    0x00001a6a      0x367 Src/gpio.o
 .debug_line    0x00001dd1      0x734 Src/main.o
 .debug_line    0x00002505      0x34f Src/nvic.o
 .debug_line    0x00002854      0x336 Src/spi.o
 .debug_line    0x00002b8a      0x67f Src/stm32f4xx_hal_msp.o
 .debug_line    0x00003209      0x70f Src/stm32f4xx_it.o
 .debug_line    0x00003918      0x6a6 Src/system_stm32f4xx.o
 .debug_line    0x00003fbe       0x7f startup/startup_stm32f429xx.o

.debug_str      0x00000000    0xcaf20
 .debug_str     0x00000000    0xc8d84 Drivers/STM32F4xx_HAL_Driver/Src/stm32f4xx_hal.o
                              0xc90e9 (size before relaxing)
 .debug_str     0x000c8d84      0x3b2 Drivers/STM32F4xx_HAL_Driver/Src/stm32f4xx_hal_cortex.o
                              0xc8dd1 (size before relaxing)
 .debug_str     0x000c9136      0x3fc Drivers/STM32F4xx_HAL_Driver/Src/stm32f4xx_hal_rcc.o
                              0xc88cd (size before relaxing)
 .debug_str     0x000c9532      0x320 Src/gpio.o
                               0x3f6e (size before relaxing)
 .debug_str     0x000c9852     0x1452 Src/main.o
                              0xc9ca4 (size before relaxing)
 .debug_str     0x000caca4       0xf9 Src/nvic.o
                               0x3d49 (size before relaxing)
 .debug_str     0x000cad9d       0x27 Src/spi.o
                               0x41b7 (size before relaxing)
 .debug_str     0x000cadc4       0x1b Src/stm32f4xx_hal_msp.o
                              0xc8438 (size before relaxing)
 .debug_str     0x000caddf       0xb8 Src/stm32f4xx_it.o
                              0xc83bf (size before relaxing)
 .debug_str     0x000cae97       0x5a Src/system_stm32f4xx.o
                              0xc84bf (size before relaxing)
 .debug_str     0x000caef1       0x2f startup/startup_stm32f429xx.o
                                 0x61 (size before relaxing)

.comment        0x00000000       0x7f
 .comment       0x00000000       0x7f Drivers/STM32F4xx_HAL_Driver/Src/stm32f4xx_hal.o
                                 0x80 (size before relaxing)
 .comment       0x0000007f       0x80 Drivers/STM32F4xx_HAL_Driver/Src/stm32f4xx_hal_cortex.o
 .comment       0x0000007f       0x80 Drivers/STM32F4xx_HAL_Driver/Src/stm32f4xx_hal_rcc.o
 .comment       0x0000007f       0x80 Src/gpio.o
 .comment       0x0000007f       0x80 Src/main.o
 .comment       0x0000007f       0x80 Src/nvic.o
 .comment       0x0000007f       0x80 Src/spi.o
 .comment       0x0000007f       0x80 Src/stm32f4xx_hal_msp.o
 .comment       0x0000007f       0x80 Src/stm32f4xx_it.o
 .comment       0x0000007f       0x80 Src/system_stm32f4xx.o

.debug_frame    0x00000000      0x86c
 .debug_frame   0x00000000      0x20c Drivers/STM32F4xx_HAL_Driver/Src/stm32f4xx_hal.o
 .debug_frame   0x0000020c      0x15c Drivers/STM32F4xx_HAL_Driver/Src/stm32f4xx_hal_cortex.o
 .debug_frame   0x00000368      0x184 Drivers/STM32F4xx_HAL_Driver/Src/stm32f4xx_hal_rcc.o
 .debug_frame   0x000004ec       0x90 Src/gpio.o
 .debug_frame   0x0000057c       0x94 Src/main.o
 .debug_frame   0x00000610       0x60 Src/nvic.o
 .debug_frame   0x00000670       0x50 Src/spi.o
 .debug_frame   0x000006c0       0x28 Src/stm32f4xx_hal_msp.o
 .debug_frame   0x000006e8       0xa8 Src/stm32f4xx_it.o
 .debug_frame   0x00000790       0x30 Src/system_stm32f4xx.o
 .debug_frame   0x000007c0       0x2c c:/ac6/systemworkbench/plugins/fr.ac6.mcu.externaltools.arm-none.win32_1.17.0.201812190825/tools/compiler/bin/../lib/gcc/arm-none-eabi/7.3.1/thumb/v7e-m/fpv4-sp/hard\libgcc.a(_aeabi_uldivmod.o)
 .debug_frame   0x000007ec       0x34 c:/ac6/systemworkbench/plugins/fr.ac6.mcu.externaltools.arm-none.win32_1.17.0.201812190825/tools/compiler/bin/../lib/gcc/arm-none-eabi/7.3.1/thumb/v7e-m/fpv4-sp/hard\libgcc.a(_udivmoddi4.o)
 .debug_frame   0x00000820       0x2c c:/ac6/systemworkbench/plugins/fr.ac6.mcu.externaltools.arm-none.win32_1.17.0.201812190825/tools/compiler/bin/../lib/gcc/arm-none-eabi/7.3.1/../../../../arm-none-eabi/lib/thumb/v7e-m/fpv4-sp/hard\libc_nano.a(lib_a-init.o)
 .debug_frame   0x0000084c       0x20 c:/ac6/systemworkbench/plugins/fr.ac6.mcu.externaltools.arm-none.win32_1.17.0.201812190825/tools/compiler/bin/../lib/gcc/arm-none-eabi/7.3.1/../../../../arm-none-eabi/lib/thumb/v7e-m/fpv4-sp/hard\libc_nano.a(lib_a-memset.o)
